// Jest Snapshot v1, https://goo.gl/fbAQLP

exports[`MultiLineChart Component Testing. 1`] = `
<div
  id="chart"
/>
`;
